add_members chat.user.{account}.request.room.{roomID}.site-a.member.add
batch_get_rooms_info chat.server.request.room.site-a.info.batch
batch_get_thread_rooms_info chat.server.request.room.site-a.thread.info.batch
create_room chat.user.{account}.request.room.site-a.create
create_teams_meeting chat.user.{account}.request.room.{roomID}.site-a.teams.meeting
ensure_room_key chat.server.request.room.site-a.key.ensure
get_room_app_command_menu chat.user.{account}.request.room.{roomID}.site-a.app.cmd-menu
get_room_app_tabs chat.user.{account}.request.room.{roomID}.site-a.app.tabs
get_room_key chat.user.{account}.request.room.{roomID}.site-a.key.get
list_member_statuses chat.user.{account}.request.room.{roomID}.site-a.member.statuses
list_members chat.user.{account}.request.room.{roomID}.site-a.member.list
list_mentionable_subscriptions chat.user.{account}.request.room.{roomID}.site-a.subscription.mentionable
list_message_readers chat.user.{account}.request.room.{roomID}.site-a.message.read-receipt
list_org_members chat.user.{account}.request.orgs.{orgID}.site-a.members
mark_all_threads_read chat.server.request.room.site-a.thread.read.all
mark_message_read chat.user.{account}.request.room.{roomID}.site-a.message.read
mark_thread_read chat.user.{account}.request.room.{roomID}.site-a.message.thread.read
move_chat chat.user.{account}.request.room.{roomID}.site-a.chat.move
open_room chat.user.{account}.request.room.{roomID}.site-a.open
remove_member chat.user.{account}.request.room.{roomID}.site-a.member.remove
rename_room chat.user.{account}.request.room.{roomID}.site-a.room.rename
set_room_restricted chat.server.request.room.site-a.restricted
start_teams_room_call chat.user.{account}.request.room.{roomID}.site-a.teams.call
start_teams_user_call chat.user.{account}.request.teams.site-a.call.user
toggle_favorite chat.user.{account}.request.room.{roomID}.site-a.favorite.toggle
toggle_mute chat.user.{account}.request.room.{roomID}.site-a.mute.toggle
update_member_role chat.user.{account}.request.room.{roomID}.site-a.member.role-update
