add_priority_contact chat.user.{account}.request.user.site-a.settings.priorityContacts.add
batch_get_badge_counts chat.server.request.user.site-a.badge.count.batch
count_subscriptions chat.user.{account}.request.user.site-a.subscription.count
create_chatlist_section chat.user.{account}.request.user.site-a.chatlist.section.create
delete_chatlist_section chat.user.{account}.request.user.site-a.chatlist.section.delete
get_chatlist chat.user.{account}.request.user.site-a.chatlist.get
get_current_user chat.user.{account}.request.user.site-a.me
get_dm_subscription chat.user.{account}.request.user.site-a.subscription.getDM
get_settings chat.user.{account}.request.user.site-a.settings.get
get_subscription_by_room chat.user.{account}.request.user.site-a.subscription.getByRoomID
get_thread_unread_summary chat.user.{account}.request.user.site-a.thread.unread.summary
get_user_profile chat.user.{account}.request.user.site-a.profile.getByName
get_user_status chat.user.{account}.request.user.site-a.status.getByName
list_app_categories chat.user.{account}.request.user.site-a.apps.categories
list_apps chat.user.{account}.request.user.site-a.apps.list
list_channel_subscriptions chat.user.{account}.request.user.site-a.subscription.getChannels
list_priority_contacts chat.user.{account}.request.user.site-a.settings.priorityContacts.get
list_subscriptions chat.user.{account}.request.user.site-a.subscription.list
list_user_threads chat.user.{account}.request.user.site-a.thread.list
mark_all_threads_read chat.user.{account}.request.user.site-a.thread.read.all
refresh_sso_token chat.user.{account}.request.user.site-a.sso.refresh
remove_priority_contact chat.user.{account}.request.user.site-a.settings.priorityContacts.remove
rename_chatlist_section chat.user.{account}.request.user.site-a.chatlist.section.rename
reorder_chatlist_sections chat.user.{account}.request.user.site-a.chatlist.section.reorder
set_app_subscription chat.user.{account}.request.user.site-a.subscription.setAppSubscription
set_chatlist_section_sort_mode chat.user.{account}.request.user.site-a.chatlist.section.setsortmode
set_settings chat.user.{account}.request.user.site-a.settings.set
set_sso_token chat.user.{account}.request.user.site-a.sso.set
set_user_status chat.user.{account}.request.user.site-a.status.set
